Archive member included to satisfy reference by file (symbol)

c:/gmd/toolchain/arm_toolchain/bin/../lib/gcc/arm-none-eabi/8.3.1/../../../../arm-none-eabi/lib/thumb/v7-m/nofp\libg.a(lib_a-exit.o)
                              c:/gmd/toolchain/arm_toolchain/bin/../lib/gcc/arm-none-eabi/8.3.1/../../../../arm-none-eabi/lib/thumb/v7-m/nofp/crt0.o (exit)
c:/gmd/toolchain/arm_toolchain/bin/../lib/gcc/arm-none-eabi/8.3.1/../../../../arm-none-eabi/lib/thumb/v7-m/nofp\libg.a(lib_a-impure.o)
                              c:/gmd/toolchain/arm_toolchain/bin/../lib/gcc/arm-none-eabi/8.3.1/../../../../arm-none-eabi/lib/thumb/v7-m/nofp\libg.a(lib_a-exit.o) (_global_impure_ptr)
c:/gmd/toolchain/arm_toolchain/bin/../lib/gcc/arm-none-eabi/8.3.1/../../../../arm-none-eabi/lib/thumb/v7-m/nofp\libg.a(lib_a-init.o)
                              c:/gmd/toolchain/arm_toolchain/bin/../lib/gcc/arm-none-eabi/8.3.1/../../../../arm-none-eabi/lib/thumb/v7-m/nofp/crt0.o (__libc_init_array)
c:/gmd/toolchain/arm_toolchain/bin/../lib/gcc/arm-none-eabi/8.3.1/../../../../arm-none-eabi/lib/thumb/v7-m/nofp\libg.a(lib_a-memset.o)
                              c:/gmd/toolchain/arm_toolchain/bin/../lib/gcc/arm-none-eabi/8.3.1/../../../../arm-none-eabi/lib/thumb/v7-m/nofp/crt0.o (memset)
c:/gmd/toolchain/arm_toolchain/bin/../lib/gcc/arm-none-eabi/8.3.1/../../../../arm-none-eabi/lib/thumb/v7-m/nofp\libg.a(lib_a-snprintf.o)
                              ./USER/main.o (snprintf)
c:/gmd/toolchain/arm_toolchain/bin/../lib/gcc/arm-none-eabi/8.3.1/../../../../arm-none-eabi/lib/thumb/v7-m/nofp\libg.a(lib_a-svfprintf.o)
                              c:/gmd/toolchain/arm_toolchain/bin/../lib/gcc/arm-none-eabi/8.3.1/../../../../arm-none-eabi/lib/thumb/v7-m/nofp\libg.a(lib_a-snprintf.o) (_svfprintf_r)
c:/gmd/toolchain/arm_toolchain/bin/../lib/gcc/arm-none-eabi/8.3.1/../../../../arm-none-eabi/lib/thumb/v7-m/nofp\libg.a(lib_a-__call_atexit.o)
                              c:/gmd/toolchain/arm_toolchain/bin/../lib/gcc/arm-none-eabi/8.3.1/../../../../arm-none-eabi/lib/thumb/v7-m/nofp\libg.a(lib_a-exit.o) (__call_exitprocs)
c:/gmd/toolchain/arm_toolchain/bin/../lib/gcc/arm-none-eabi/8.3.1/../../../../arm-none-eabi/lib/thumb/v7-m/nofp\libg.a(lib_a-atexit.o)
                              c:/gmd/toolchain/arm_toolchain/bin/../lib/gcc/arm-none-eabi/8.3.1/../../../../arm-none-eabi/lib/thumb/v7-m/nofp\libg.a(lib_a-__call_atexit.o) (atexit)
c:/gmd/toolchain/arm_toolchain/bin/../lib/gcc/arm-none-eabi/8.3.1/../../../../arm-none-eabi/lib/thumb/v7-m/nofp\libg.a(lib_a-dtoa.o)
                              c:/gmd/toolchain/arm_toolchain/bin/../lib/gcc/arm-none-eabi/8.3.1/../../../../arm-none-eabi/lib/thumb/v7-m/nofp\libg.a(lib_a-svfprintf.o) (_dtoa_r)
c:/gmd/toolchain/arm_toolchain/bin/../lib/gcc/arm-none-eabi/8.3.1/../../../../arm-none-eabi/lib/thumb/v7-m/nofp\libg.a(lib_a-fini.o)
                              c:/gmd/toolchain/arm_toolchain/bin/../lib/gcc/arm-none-eabi/8.3.1/../../../../arm-none-eabi/lib/thumb/v7-m/nofp\libg.a(lib_a-__call_atexit.o) (__libc_fini_array)
c:/gmd/toolchain/arm_toolchain/bin/../lib/gcc/arm-none-eabi/8.3.1/../../../../arm-none-eabi/lib/thumb/v7-m/nofp\libg.a(lib_a-freer.o)
                              c:/gmd/toolchain/arm_toolchain/bin/../lib/gcc/arm-none-eabi/8.3.1/../../../../arm-none-eabi/lib/thumb/v7-m/nofp\libg.a(lib_a-svfprintf.o) (_free_r)
c:/gmd/toolchain/arm_toolchain/bin/../lib/gcc/arm-none-eabi/8.3.1/../../../../arm-none-eabi/lib/thumb/v7-m/nofp\libg.a(lib_a-localeconv.o)
                              c:/gmd/toolchain/arm_toolchain/bin/../lib/gcc/arm-none-eabi/8.3.1/../../../../arm-none-eabi/lib/thumb/v7-m/nofp\libg.a(lib_a-svfprintf.o) (_localeconv_r)
c:/gmd/toolchain/arm_toolchain/bin/../lib/gcc/arm-none-eabi/8.3.1/../../../../arm-none-eabi/lib/thumb/v7-m/nofp\libg.a(lib_a-lock.o)
                              c:/gmd/toolchain/arm_toolchain/bin/../lib/gcc/arm-none-eabi/8.3.1/../../../../arm-none-eabi/lib/thumb/v7-m/nofp\libg.a(lib_a-__call_atexit.o) (__retarget_lock_acquire_recursive)
c:/gmd/toolchain/arm_toolchain/bin/../lib/gcc/arm-none-eabi/8.3.1/../../../../arm-none-eabi/lib/thumb/v7-m/nofp\libg.a(lib_a-mallocr.o)
                              c:/gmd/toolchain/arm_toolchain/bin/../lib/gcc/arm-none-eabi/8.3.1/../../../../arm-none-eabi/lib/thumb/v7-m/nofp\libg.a(lib_a-svfprintf.o) (_malloc_r)
c:/gmd/toolchain/arm_toolchain/bin/../lib/gcc/arm-none-eabi/8.3.1/../../../../arm-none-eabi/lib/thumb/v7-m/nofp\libg.a(lib_a-memchr-stub.o)
                              c:/gmd/toolchain/arm_toolchain/bin/../lib/gcc/arm-none-eabi/8.3.1/../../../../arm-none-eabi/lib/thumb/v7-m/nofp\libg.a(lib_a-svfprintf.o) (memchr)
c:/gmd/toolchain/arm_toolchain/bin/../lib/gcc/arm-none-eabi/8.3.1/../../../../arm-none-eabi/lib/thumb/v7-m/nofp\libg.a(lib_a-memcpy.o)
                              c:/gmd/toolchain/arm_toolchain/bin/../lib/gcc/arm-none-eabi/8.3.1/../../../../arm-none-eabi/lib/thumb/v7-m/nofp\libg.a(lib_a-dtoa.o) (memcpy)
[...]
Memory Configuration

Name             Origin             Length             Attributes
FLASH            0x00000000         0x00008000         xr
RAM              0x20000000         0x00004000         xrw
*default*        0x00000000         0xffffffff

Linker script and memory map

LOAD c:/gmd/toolchain/arm_toolchain/bin/../lib/gcc/arm-none-eabi/8.3.1/thumb/v7-m/nofp/crti.o
LOAD c:/gmd/toolchain/arm_toolchain/bin/../lib/gcc/arm-none-eabi/8.3.1/thumb/v7-m/nofp/crtbegin.o
LOAD c:/gmd/toolchain/arm_toolchain/bin/../lib/gcc/arm-none-eabi/8.3.1/../../../../arm-none-eabi/lib/thumb/v7-m/nofp/crt0.o
LOAD ./USER/gpio_wrapper.o
LOAD ./USER/gw1ns4c_it.o
LOAD ./USER/lcd_hd44780.o
LOAD ./USER/main.o
LOAD ./SYSTEM/system_gw1ns4c.o
LOAD ./STARTUP/startup_gw1ns4c.o
LOAD ./PERIPHERAL/Sources/gw1ns4c_gpio.o
LOAD ./PERIPHERAL/Sources/gw1ns4c_i2c.o
LOAD ./PERIPHERAL/Sources/gw1ns4c_misc.o
LOAD ./PERIPHERAL/Sources/gw1ns4c_rtc.o
LOAD ./PERIPHERAL/Sources/gw1ns4c_spi.o
LOAD ./PERIPHERAL/Sources/gw1ns4c_syscon.o
LOAD ./PERIPHERAL/Sources/gw1ns4c_timer.o
LOAD ./PERIPHERAL/Sources/gw1ns4c_uart.o
LOAD ./PERIPHERAL/Sources/gw1ns4c_wdog.o
LOAD ./CORE/core_cm3.o
START GROUP
LOAD c:/gmd/toolchain/arm_toolchain/bin/../lib/gcc/arm-none-eabi/8.3.1/thumb/v7-m/nofp\libgcc.a
LOAD c:/gmd/toolchain/arm_toolchain/bin/../lib/gcc/arm-none-eabi/8.3.1/../../../../arm-none-eabi/lib/thumb/v7-m/nofp\libg.a
LOAD c:/gmd/toolchain/arm_toolchain/bin/../lib/gcc/arm-none-eabi/8.3.1/../../../../arm-none-eabi/lib/thumb/v7-m/nofp\libc.a
END GROUP
LOAD c:/gmd/toolchain/arm_toolchain/bin/../lib/gcc/arm-none-eabi/8.3.1/thumb/v7-m/nofp/crtend.o
LOAD c:/gmd/toolchain/arm_toolchain/bin/../lib/gcc/arm-none-eabi/8.3.1/thumb/v7-m/nofp/crtn.o
START GROUP
LOAD c:/gmd/toolchain/arm_toolchain/bin/../lib/gcc/arm-none-eabi/8.3.1/thumb/v7-m/nofp\libgcc.a
LOAD c:/gmd/toolchain/arm_toolchain/bin/../lib/gcc/arm-none-eabi/8.3.1/../../../../arm-none-eabi/lib/thumb/v7-m/nofp\libc.a
LOAD c:/gmd/toolchain/arm_toolchain/bin/../lib/gcc/arm-none-eabi/8.3.1/../../../../arm-none-eabi/lib/thumb/v7-m/nofp\libm.a
LOAD c:/gmd/toolchain/arm_toolchain/bin/../lib/gcc/arm-none-eabi/8.3.1/../../../../arm-none-eabi/lib/thumb/v7-m/nofp\libnosys.a
END GROUP

.text           0x00000000     0x5c35
 *(.isr_vector)
 .isr_vector    0x00000000       0xc0 ./STARTUP/startup_gw1ns4c.o
                0x00000000                __isr_vector
 *(.text*)
 .text.writeBit
                0x000000c0       0x18 ./USER/gpio_wrapper.o
                0x000000c0                writeBit
 .text.writeVector
                0x000000d8      0x184 ./USER/gpio_wrapper.o
                0x000000d8                writeVector
 .text.NMI_Handler
                0x0000025c        0x4 ./USER/gw1ns4c_it.o
                0x0000025c                NMI_Handler
 .text.HardFault_Handler
                0x00000260        0x4 ./USER/gw1ns4c_it.o
                0x00000260                HardFault_Handler
 .text.MemManage_Handler
                0x00000264        0x4 ./USER/gw1ns4c_it.o
                0x00000264                MemManage_Handler
 .text.BusFault_Handler
                0x00000268        0x4 ./USER/gw1ns4c_it.o
                0x00000268                BusFault_Handler
 .text.UsageFault_Handler
                0x0000026c        0x4 ./USER/gw1ns4c_it.o
                0x0000026c                UsageFault_Handler
 .text.SVC_Handler
                0x00000270        0x4 ./USER/gw1ns4c_it.o
                0x00000270                SVC_Handler
 .text.DebugMon_Handler
                0x00000274        0x4 ./USER/gw1ns4c_it.o
                0x00000274                DebugMon_Handler
 .text.PendSV_Handler
                0x00000278        0x4 ./USER/gw1ns4c_it.o
                0x00000278                PendSV_Handler
 .text.SysTick_Handler
                0x0000027c        0x4 ./USER/gw1ns4c_it.o
                0x0000027c                SysTick_Handler
 .text.USER_INT0_Handler
                0x00000280        0x4 ./USER/gw1ns4c_it.o
                0x00000280                USER_INT0_Handler
 .text.USER_INT1_Handler
                0x00000284        0x4 ./USER/gw1ns4c_it.o
                0x00000284                USER_INT1_Handler
 .text.USER_INT2_Handler
                0x00000288        0x4 ./USER/gw1ns4c_it.o
                0x00000288                USER_INT2_Handler
 .text.USER_INT3_Handler
                0x0000028c        0x4 ./USER/gw1ns4c_it.o
                0x0000028c                USER_INT3_Handler
 .text.USER_INT4_Handler
                0x00000290        0x4 ./USER/gw1ns4c_it.o
                0x00000290                USER_INT4_Handler
 .text.USER_INT5_Handler
                0x00000294        0x4 ./USER/gw1ns4c_it.o
                0x00000294                USER_INT5_Handler
 .text.UART0_Handler
                0x00000298        0x4 ./USER/gw1ns4c_it.o
                0x00000298                UART0_Handler
 .text.UART1_Handler
                0x0000029c        0x4 ./USER/gw1ns4c_it.o
                0x0000029c                UART1_Handler
 .text.TIMER0_Handler
                0x000002a0        0x4 ./USER/gw1ns4c_it.o
                0x000002a0                TIMER0_Handler
 .text.TIMER1_Handler
                0x000002a4        0x4 ./USER/gw1ns4c_it.o
                0x000002a4                TIMER1_Handler
 .text.I2C_Handler
                0x000002a8        0x4 ./USER/gw1ns4c_it.o
                0x000002a8                I2C_Handler
 .text.RTC_Handler
                0x000002ac        0x4 ./USER/gw1ns4c_it.o
                0x000002ac                RTC_Handler
 .text.PORT0_0_Handler
                0x000002b0        0x4 ./USER/gw1ns4c_it.o
                0x000002b0                PORT0_0_Handler
 .text.PORT0_1_Handler
                0x000002b4        0x4 ./USER/gw1ns4c_it.o
                0x000002b4                PORT0_1_Handler
 .text.PORT0_2_Handler
                0x000002b8        0x4 ./USER/gw1ns4c_it.o
                0x000002b8                PORT0_2_Handler
 .text.PORT0_3_Handler
                0x000002bc        0x4 ./USER/gw1ns4c_it.o
                0x000002bc                PORT0_3_Handler
 .text.PORT0_4_Handler
                0x000002c0        0x4 ./USER/gw1ns4c_it.o
                0x000002c0                PORT0_4_Handler
 .text.PORT0_5_Handler
                0x000002c4        0x4 ./USER/gw1ns4c_it.o
                0x000002c4                PORT0_5_Handler
 .text.PORT0_6_Handler
                0x000002c8        0x4 ./USER/gw1ns4c_it.o
                0x000002c8                PORT0_6_Handler
 .text.PORT0_7_Handler
                0x000002cc        0x4 ./USER/gw1ns4c_it.o
                0x000002cc                PORT0_7_Handler
 .text.PORT0_8_Handler
                0x000002d0        0x4 ./USER/gw1ns4c_it.o
                0x000002d0                PORT0_8_Handler
 .text.PORT0_9_Handler
                0x000002d4        0x4 ./USER/gw1ns4c_it.o
                0x000002d4                PORT0_9_Handler
 .text.PORT0_10_Handler
                0x000002d8        0x4 ./USER/gw1ns4c_it.o
                0x000002d8                PORT0_10_Handler
 .text.PORT0_11_Handler
                0x000002dc        0x4 ./USER/gw1ns4c_it.o
                0x000002dc                PORT0_11_Handler
 .text.PORT0_12_Handler
                0x000002e0        0x4 ./USER/gw1ns4c_it.o
                0x000002e0                PORT0_12_Handler
 .text.PORT0_13_Handler
                0x000002e4        0x4 ./USER/gw1ns4c_it.o
                0x000002e4                PORT0_13_Handler
 .text.PORT0_14_Handler
                0x000002e8        0x4 ./USER/gw1ns4c_it.o
                0x000002e8                PORT0_14_Handler
 .text.PORT0_15_Handler
                0x000002ec        0x4 ./USER/gw1ns4c_it.o
                0x000002ec                PORT0_15_Handler
 .text.LCD_Reset
                0x000002f0       0xc8 ./USER/lcd_hd44780.o
                0x000002f0                LCD_Reset
 .text.LCD_DisplayShift
                0x000003b8       0x70 ./USER/lcd_hd44780.o
                0x000003b8                LCD_DisplayShift
 .text.LCD_CreateCustomChar
                0x00000428      0x138 ./USER/lcd_hd44780.o
                0x00000428                LCD_CreateCustomChar
 .text.LCD_LineSelect
                0x00000560       0x6c ./USER/lcd_hd44780.o
                0x00000560                LCD_LineSelect
 .text.LCD_Init
                0x000005cc      0x1b0 ./USER/lcd_hd44780.o
                0x000005cc                LCD_Init
 .text.LCD_WriteString
                0x0000077c       0x78 ./USER/lcd_hd44780.o
                0x0000077c                LCD_WriteString
 .text.LCD_WriteChar
                0x000007f4       0x6c ./USER/lcd_hd44780.o
                0x000007f4                LCD_WriteChar
 .text.delay_ms
                0x00000860       0x2c ./USER/lcd_hd44780.o
                0x00000860                delay_ms
 .text.startup.main
                0x0000088c       0x74 ./USER/main.o
                0x0000088c                main
 .text.SystemInit
                0x00000900       0x2c ./SYSTEM/system_gw1ns4c.o
                0x00000900                SystemInit
 .text          0x0000092c       0x98 ./STARTUP/startup_gw1ns4c.o
                0x0000092c                Reset_Handler
                0x00000992                PORT0_COMB_Handler
                0x0000099c                UARTOVF_Handler
                0x000009a2                Spare15_Handler
 .text.GPIO_Init
                0x000009c4       0xc8 ./PERIPHERAL/Sources/gw1ns4c_gpio.o
                0x000009c4                GPIO_Init
 .text.GPIO_SetBit
                0x00000a8c        0x8 ./PERIPHERAL/Sources/gw1ns4c_gpio.o
                0x00000a8c                GPIO_SetBit
 .text.GPIO_ResetBit
                0x00000a94        0xc ./PERIPHERAL/Sources/gw1ns4c_gpio.o
                0x00000a94                GPIO_ResetBit
 .text.exit     0x00000aa0       0x20 c:/gmd/toolchain/arm_toolchain/bin/../lib/gcc/arm-none-eabi/8.3.1/../../../../arm-none-eabi/lib/thumb/v7-m/nofp\libg.a(lib_a-exit.o)
                0x00000aa0                exit
 .text.memset   0x00000ac0       0xa0 c:/gmd/toolchain/arm_toolchain/bin/../lib/gcc/arm-none-eabi/8.3.1/../../../../arm-none-eabi/lib/thumb/v7-m/nofp\libg.a(lib_a-memset.o)
                0x00000ac0                memset
 .text.snprintf
                0x00000b60       0x88 c:/gmd/toolchain/arm_toolchain/bin/../lib/gcc/arm-none-eabi/8.3.1/../../../../arm-none-eabi/lib/thumb/v7-m/nofp\libg.a(lib_a-snprintf.o)
                0x00000b60                snprintf
 .text._svfprintf_r
                0x00000be8     0x1a28 c:/gmd/toolchain/arm_toolchain/bin/../lib/gcc/arm-none-eabi/8.3.1/../../../../arm-none-eabi/lib/thumb/v7-m/nofp\libg.a(lib_a-svfprintf.o)
                0x00000be8                _svfprintf_r
 .text.__call_exitprocs
                0x00002610       0xb0 c:/gmd/toolchain/arm_toolchain/bin/../lib/gcc/arm-none-eabi/8.3.1/../../../../arm-none-eabi/lib/thumb/v7-m/nofp\libg.a(lib_a-__call_atexit.o)
                0x00002610                __call_exitprocs
 .text.quorem   0x000026c0      0x12c c:/gmd/toolchain/arm_toolchain/bin/../lib/gcc/arm-none-eabi/8.3.1/../../../../arm-none-eabi/lib/thumb/v7-m/nofp\libg.a(lib_a-dtoa.o)
 *fill*         0x000027ec        0x4 
 .text._dtoa_r  0x000027f0      0xe6c c:/gmd/toolchain/arm_toolchain/bin/../lib/gcc/arm-none-eabi/8.3.1/../../../../arm-none-eabi/lib/thumb/v7-m/nofp\libg.a(lib_a-dtoa.o)
                0x000027f0                _dtoa_r
 .text._malloc_trim_r
                0x0000365c       0xa0 c:/gmd/toolchain/arm_toolchain/bin/../lib/gcc/arm-none-eabi/8.3.1/../../../../arm-none-eabi/lib/thumb/v7-m/nofp\libg.a(lib_a-freer.o)
                0x0000365c                _malloc_trim_r
 .text._free_r  0x000036fc      0x1f4 c:/gmd/toolchain/arm_toolchain/bin/../lib/gcc/arm-none-eabi/8.3.1/../../../../arm-none-eabi/lib/thumb/v7-m/nofp\libg.a(lib_a-freer.o)
                0x000036fc                _free_r
 .text._localeconv_r
                0x000038f0        0x8 c:/gmd/toolchain/arm_toolchain/bin/../lib/gcc/arm-none-eabi/8.3.1/../../../../arm-none-eabi/lib/thumb/v7-m/nofp\libg.a(lib_a-localeconv.o)
                0x000038f0                _localeconv_r
 .text.__retarget_lock_acquire_recursive
                0x000038f8        0x4 c:/gmd/toolchain/arm_toolchain/bin/../lib/gcc/arm-none-eabi/8.3.1/../../../../arm-none-eabi/lib/thumb/v7-m/nofp\libg.a(lib_a-lock.o)
                0x000038f8                __retarget_lock_acquire_recursive
 .text.__retarget_lock_release_recursive
                0x000038fc        0x4 c:/gmd/toolchain/arm_toolchain/bin/../lib/gcc/arm-none-eabi/8.3.1/../../../../arm-none-eabi/lib/thumb/v7-m/nofp\libg.a(lib_a-lock.o)
                0x000038fc                __retarget_lock_release_recursive
 .text._malloc_r
                0x00003900      0x558 c:/gmd/toolchain/arm_toolchain/bin/../lib/gcc/arm-none-eabi/8.3.1/../../../../arm-none-eabi/lib/thumb/v7-m/nofp\libg.a(lib_a-mallocr.o)
                0x00003900                _malloc_r
 .text.memchr   0x00003e58       0x8c c:/gmd/toolchain/arm_toolchain/bin/../lib/gcc/arm-none-eabi/8.3.1/../../../../arm-none-eabi/lib/thumb/v7-m/nofp\libg.a(lib_a-memchr-stub.o)
                0x00003e58                memchr
 .text          0x00003ee4       0xec c:/gmd/toolchain/arm_toolchain/bin/../lib/gcc/arm-none-eabi/8.3.1/../../../../arm-none-eabi/lib/thumb/v7-m/nofp\libg.a(lib_a-memcpy.o)
                0x00003ee4                memcpy
 .text.__malloc_lock
                0x00003fd0        0xc c:/gmd/toolchain/arm_toolchain/bin/../lib/gcc/arm-none-eabi/8.3.1/../../../../arm-none-eabi/lib/thumb/v7-m/nofp\libg.a(lib_a-mlock.o)
                0x00003fd0                __malloc_lock
 .text.__malloc_unlock
                0x00003fdc        0xc c:/gmd/toolchain/arm_toolchain/bin/../lib/gcc/arm-none-eabi/8.3.1/../../../../arm-none-eabi/lib/thumb/v7-m/nofp\libg.a(lib_a-mlock.o)
                0x00003fdc                __malloc_unlock
 .text._Balloc  0x00003fe8       0x4c c:/gmd/toolchain/arm_toolchain/bin/../lib/gcc/arm-none-eabi/8.3.1/../../../../arm-none-eabi/lib/thumb/v7-m/nofp\libg.a(lib_a-mprec.o)
                0x00003fe8                _Balloc
 .text._Bfree   0x00004034       0x14 c:/gmd/toolchain/arm_toolchain/bin/../lib/gcc/arm-none-eabi/8.3.1/../../../../arm-none-eabi/lib/thumb/v7-m/nofp\libg.a(lib_a-mprec.o)
                0x00004034                _Bfree
 .text.__multadd
                0x00004048       0x8c c:/gmd/toolchain/arm_toolchain/bin/../lib/gcc/arm-none-eabi/8.3.1/../../../../arm-none-eabi/lib/thumb/v7-m/nofp\libg.a(lib_a-mprec.o)
                0x00004048                __multadd
 .text.__hi0bits
                0x000040d4       0x40 c:/gmd/toolchain/arm_toolchain/bin/../lib/gcc/arm-none-eabi/8.3.1/../../../../arm-none-eabi/lib/thumb/v7-m/nofp\libg.a(lib_a-mprec.o)
                0x000040d4                __hi0bits
 .text.__lo0bits
                0x00004114       0x60 c:/gmd/toolchain/arm_toolchain/bin/../lib/gcc/arm-none-eabi/8.3.1/../../../../arm-none-eabi/lib/thumb/v7-m/nofp\libg.a(lib_a-mprec.o)
                0x00004114                __lo0bits
 .text.__i2b    0x00004174       0x14 c:/gmd/toolchain/arm_toolchain/bin/../lib/gcc/arm-none-eabi/8.3.1/../../../../arm-none-eabi/lib/thumb/v7-m/nofp\libg.a(lib_a-mprec.o)
                0x00004174                __i2b
 .text.__multiply
                0x00004188      0x130 c:/gmd/toolchain/arm_toolchain/bin/../lib/gcc/arm-none-eabi/8.3.1/../../../../arm-none-eabi/lib/thumb/v7-m/nofp\libg.a(lib_a-mprec.o)
                0x00004188                __multiply
 .text.__pow5mult
                0x000042b8       0xa0 c:/gmd/toolchain/arm_toolchain/bin/../lib/gcc/arm-none-eabi/8.3.1/../../../../arm-none-eabi/lib/thumb/v7-m/nofp\libg.a(lib_a-mprec.o)
                0x000042b8                __pow5mult
 .text.__lshift
                0x00004358       0xb4 c:/gmd/toolchain/arm_toolchain/bin/../lib/gcc/arm-none-eabi/8.3.1/../../../../arm-none-eabi/lib/thumb/v7-m/nofp\libg.a(lib_a-mprec.o)
                0x00004358                __lshift
 .text.__mcmp   0x0000440c       0x38 c:/gmd/toolchain/arm_toolchain/bin/../lib/gcc/arm-none-eabi/8.3.1/../../../../arm-none-eabi/lib/thumb/v7-m/nofp\libg.a(lib_a-mprec.o)
                0x0000440c                __mcmp
 .text.__mdiff  0x00004444      0x100 c:/gmd/toolchain/arm_toolchain/bin/../lib/gcc/arm-none-eabi/8.3.1/../../../../arm-none-eabi/lib/thumb/v7-m/nofp\libg.a(lib_a-mprec.o)
                0x00004444                __mdiff
 .text.__d2b    0x00004544       0xac c:/gmd/toolchain/arm_toolchain/bin/../lib/gcc/arm-none-eabi/8.3.1/../../../../arm-none-eabi/lib/thumb/v7-m/nofp\libg.a(lib_a-mprec.o)
                0x00004544                __d2b
 .text.frexp    0x000045f0       0x70 c:/gmd/toolchain/arm_toolchain/bin/../lib/gcc/arm-none-eabi/8.3.1/../../../../arm-none-eabi/lib/thumb/v7-m/nofp\libg.a(lib_a-s_frexp.o)
                0x000045f0                frexp
 .text._sbrk_r  0x00004660       0x24 c:/gmd/toolchain/arm_toolchain/bin/../lib/gcc/arm-none-eabi/8.3.1/../../../../arm-none-eabi/lib/thumb/v7-m/nofp\libg.a(lib_a-sbrkr.o)
                0x00004660                _sbrk_r
 .text.strlen   0x00004684       0x5c c:/gmd/toolchain/arm_toolchain/bin/../lib/gcc/arm-none-eabi/8.3.1/../../../../arm-none-eabi/lib/thumb/v7-m/nofp\libg.a(lib_a-strlen-stub.o)
                0x00004684                strlen
 .text.strncpy  0x000046e0       0x74 c:/gmd/toolchain/arm_toolchain/bin/../lib/gcc/arm-none-eabi/8.3.1/../../../../arm-none-eabi/lib/thumb/v7-m/nofp\libg.a(lib_a-strncpy.o)
                0x000046e0                strncpy
 .text.__ssprint_r
                0x00004754       0xf8 c:/gmd/toolchain/arm_toolchain/bin/../lib/gcc/arm-none-eabi/8.3.1/../../../../arm-none-eabi/lib/thumb/v7-m/nofp\libg.a(lib_a-svfiprintf.o)
                0x00004754                __ssprint_r
 .text._calloc_r
                0x0000484c       0x60 c:/gmd/toolchain/arm_toolchain/bin/../lib/gcc/arm-none-eabi/8.3.1/../../../../arm-none-eabi/lib/thumb/v7-m/nofp\libg.a(lib_a-callocr.o)
                0x0000484c                _calloc_r
 .text.__ascii_mbtowc
                0x000048ac       0x2c c:/gmd/toolchain/arm_toolchain/bin/../lib/gcc/arm-none-eabi/8.3.1/../../../../arm-none-eabi/lib/thumb/v7-m/nofp\libg.a(lib_a-mbtowc_r.o)
                0x000048ac                __ascii_mbtowc
 .text.memmove  0x000048d8       0xcc c:/gmd/toolchain/arm_toolchain/bin/../lib/gcc/arm-none-eabi/8.3.1/../../../../arm-none-eabi/lib/thumb/v7-m/nofp\libg.a(lib_a-memmove.o)
                0x000048d8                memmove
 .text._realloc_r
                0x000049a4      0x37c c:/gmd/toolchain/arm_toolchain/bin/../lib/gcc/arm-none-eabi/8.3.1/../../../../arm-none-eabi/lib/thumb/v7-m/nofp\libg.a(lib_a-reallocr.o)
                0x000049a4                _realloc_r
 .text.__ascii_wctomb
                0x00004d20       0x1c c:/gmd/toolchain/arm_toolchain/bin/../lib/gcc/arm-none-eabi/8.3.1/../../../../arm-none-eabi/lib/thumb/v7-m/nofp\libg.a(lib_a-wctomb_r.o)
                0x00004d20                __ascii_wctomb
 .text          0x00004d3c      0x378 c:/gmd/toolchain/arm_toolchain/bin/../lib/gcc/arm-none-eabi/8.3.1/thumb/v7-m/nofp\libgcc.a(_arm_addsubdf3.o)
                0x00004d3c                __aeabi_drsub
                0x00004d44                __aeabi_dsub
                0x00004d44                __subdf3
                0x00004d48                __aeabi_dadd
                0x00004d48                __adddf3
                0x00004fc0                __floatunsidf
                0x00004fc0                __aeabi_ui2d
                0x00004fe0                __floatsidf
                0x00004fe0                __aeabi_i2d
                0x00005004                __aeabi_f2d
                0x00005004                __extendsfdf2
                0x00005048                __floatundidf
                0x00005048                __aeabi_ul2d
                0x00005058                __floatdidf
                0x00005058                __aeabi_l2d
 .text          0x000050b4      0x424 c:/gmd/toolchain/arm_toolchain/bin/../lib/gcc/arm-none-eabi/8.3.1/thumb/v7-m/nofp\libgcc.a(_arm_muldivdf3.o)
                0x000050b4                __aeabi_dmul
                0x000050b4                __muldf3
                0x00005308                __divdf3
                0x00005308                __aeabi_ddiv
 .text          0x000054d8      0x110 c:/gmd/toolchain/arm_toolchain/bin/../lib/gcc/arm-none-eabi/8.3.1/thumb/v7-m/nofp\libgcc.a(_arm_cmpdf2.o)
                0x000054d8                __gtdf2
                0x000054d8                __gedf2
                0x000054e0                __ltdf2
                0x000054e0                __ledf2
                0x000054e8                __nedf2
                0x000054e8                __eqdf2
                0x000054e8                __cmpdf2
                0x00005564                __aeabi_cdrcmple
                0x00005574                __aeabi_cdcmpeq
                0x00005574                __aeabi_cdcmple
                0x00005584                __aeabi_dcmpeq
                0x00005598                __aeabi_dcmplt
                0x000055ac                __aeabi_dcmple
                0x000055c0                __aeabi_dcmpge
                0x000055d4                __aeabi_dcmpgt
 .text          0x000055e8       0x2c c:/gmd/toolchain/arm_toolchain/bin/../lib/gcc/arm-none-eabi/8.3.1/thumb/v7-m/nofp\libgcc.a(_arm_unorddf2.o)
                0x000055e8                __unorddf2
                0x000055e8                __aeabi_dcmpun
 .text          0x00005614       0x50 c:/gmd/toolchain/arm_toolchain/bin/../lib/gcc/arm-none-eabi/8.3.1/thumb/v7-m/nofp\libgcc.a(_arm_fixdfsi.o)
                0x00005614                __aeabi_d2iz
                0x00005614                __fixdfsi
 .text          0x00005664       0x30 c:/gmd/toolchain/arm_toolchain/bin/../lib/gcc/arm-none-eabi/8.3.1/thumb/v7-m/nofp\libgcc.a(_aeabi_uldivmod.o)
                0x00005664                __aeabi_uldivmod
 .text          0x00005694      0x2d0 c:/gmd/toolchain/arm_toolchain/bin/../lib/gcc/arm-none-eabi/8.3.1/thumb/v7-m/nofp\libgcc.a(_udivmoddi4.o)
                0x00005694                __udivmoddi4
 .text          0x00005964        0x4 c:/gmd/toolchain/arm_toolchain/bin/../lib/gcc/arm-none-eabi/8.3.1/thumb/v7-m/nofp\libgcc.a(_dvmd_tls.o)
                0x00005964                __aeabi_idiv0
                0x00005964                __aeabi_ldiv0
 .text._sbrk    0x00005968       0x1c c:/gmd/toolchain/arm_toolchain/bin/../lib/gcc/arm-none-eabi/8.3.1/../../../../arm-none-eabi/lib/thumb/v7-m/nofp\libnosys.a(sbrk.o)
                0x00005968                _sbrk
 .text._exit    0x00005984        0x4 c:/gmd/toolchain/arm_toolchain/bin/../lib/gcc/arm-none-eabi/8.3.1/../../../../arm-none-eabi/lib/thumb/v7-m/nofp\libnosys.a(_exit.o)
                0x00005984                _exit
 *(.init)
 .init          0x00005988        0x4 c:/gmd/toolchain/arm_toolchain/bin/../lib/gcc/arm-none-eabi/8.3.1/thumb/v7-m/nofp/crti.o
                0x00005988                _init
 *(.fini)
 .fini          0x0000598c        0x4 c:/gmd/toolchain/arm_toolchain/bin/../lib/gcc/arm-none-eabi/8.3.1/thumb/v7-m/nofp/crti.o
                0x0000598c                _fini
 *crtbegin.o(.ctors)
 *crtbegin?.o(.ctors)
 *(EXCLUDE_FILE(*crtend.o *crtend?.o) .ctors)
 *(SORT_BY_NAME(.ctors.*))
 *(.ctors)
 *crtbegin.o(.dtors)
 *crtbegin?.o(.dtors)
 *(EXCLUDE_FILE(*crtend.o *crtend?.o) .dtors)
 *(SORT_BY_NAME(.dtors.*))
 *(.dtors)
 *(.rodata*)
 .rodata.main.str1.4
                0x00005990       0x1b ./USER/main.o
 *fill*         0x000059ab        0x1 
 .rodata._global_impure_ptr
                0x000059ac        0x4 c:/gmd/toolchain/arm_toolchain/bin/../lib/gcc/arm-none-eabi/8.3.1/../../../../arm-none-eabi/lib/thumb/v7-m/nofp\libg.a(lib_a-impure.o)
                0x000059ac                _global_impure_ptr
 .rodata._svfprintf_r.str1.4
                0x000059b0       0x42 c:/gmd/toolchain/arm_toolchain/bin/../lib/gcc/arm-none-eabi/8.3.1/../../../../arm-none-eabi/lib/thumb/v7-m/nofp\libg.a(lib_a-svfprintf.o)
 *fill*         0x000059f2        0x2 
 .rodata.blanks.7355
                0x000059f4       0x10 c:/gmd/toolchain/arm_toolchain/bin/../lib/gcc/arm-none-eabi/8.3.1/../../../../arm-none-eabi/lib/thumb/v7-m/nofp\libg.a(lib_a-svfprintf.o)
 .rodata.zeroes.7356
                0x00005a04       0x10 c:/gmd/toolchain/arm_toolchain/bin/../lib/gcc/arm-none-eabi/8.3.1/../../../../arm-none-eabi/lib/thumb/v7-m/nofp\libg.a(lib_a-svfprintf.o)
 .rodata._dtoa_r.str1.4
                0x00005a14        0xd c:/gmd/toolchain/arm_toolchain/bin/../lib/gcc/arm-none-eabi/8.3.1/../../../../arm-none-eabi/lib/thumb/v7-m/nofp\libg.a(lib_a-dtoa.o)
                                 0x12 (size before relaxing)
 *fill*         0x00005a21        0x7 
 .rodata.__mprec_bigtens
                0x00005a28       0x28 c:/gmd/toolchain/arm_toolchain/bin/../lib/gcc/arm-none-eabi/8.3.1/../../../../arm-none-eabi/lib/thumb/v7-m/nofp\libg.a(lib_a-mprec.o)
                0x00005a28                __mprec_bigtens
 .rodata.__mprec_tens
                0x00005a50       0xc8 c:/gmd/toolchain/arm_toolchain/bin/../lib/gcc/arm-none-eabi/8.3.1/../../../../arm-none-eabi/lib/thumb/v7-m/nofp\libg.a(lib_a-mprec.o)
                0x00005a50                __mprec_tens
 .rodata.p05.6125
                0x00005b18        0xc c:/gmd/toolchain/arm_toolchain/bin/../lib/gcc/arm-none-eabi/8.3.1/../../../../arm-none-eabi/lib/thumb/v7-m/nofp\libg.a(lib_a-mprec.o)
 .rodata._setlocale_r.str1.4
                0x00005b24        0xa c:/gmd/toolchain/arm_toolchain/bin/../lib/gcc/arm-none-eabi/8.3.1/../../../../arm-none-eabi/lib/thumb/v7-m/nofp\libg.a(lib_a-locale.o)
                                  0xd (size before relaxing)
 *fill*         0x00005b2e        0x2 
 .rodata.str1.4
                0x00005b30        0x4 c:/gmd/toolchain/arm_toolchain/bin/../lib/gcc/arm-none-eabi/8.3.1/../../../../arm-none-eabi/lib/thumb/v7-m/nofp\libg.a(lib_a-locale.o)
                                  0x2 (size before relaxing)
 .rodata._ctype_
                0x00005b34      0x101 c:/gmd/toolchain/arm_toolchain/bin/../lib/gcc/arm-none-eabi/8.3.1/../../../../arm-none-eabi/lib/thumb/v7-m/nofp\libg.a(lib_a-ctype_.o)
                0x00005b34                _ctype_
 *(.eh_frame*)

.glue_7         0x00005c38        0x0
 .glue_7        0x00005c38        0x0 linker stubs

.glue_7t        0x00005c38        0x0
 .glue_7t       0x00005c38        0x0 linker stubs

.vfp11_veneer   0x00005c38        0x0
 .vfp11_veneer  0x00005c38        0x0 linker stubs

.v4_bx          0x00005c38        0x0
 .v4_bx         0x00005c38        0x0 linker stubs

.iplt           0x00005c38        0x0
 .iplt          0x00005c38        0x0 ./USER/gpio_wrapper.o

.ARM.extab
 *(.ARM.extab* .gnu.linkonce.armextab.*)
                0x00005c35                __exidx_start = .

.ARM.exidx      0x00005c38        0x8
 *(.ARM.exidx* .gnu.linkonce.armexidx.*)
 .ARM.exidx     0x00005c38        0x8 c:/gmd/toolchain/arm_toolchain/bin/../lib/gcc/arm-none-eabi/8.3.1/thumb/v7-m/nofp\libgcc.a(_udivmoddi4.o)
                0x00005c40                __exidx_end = .
                0x00005c40                __etext = .

.rel.dyn        0x00005c40        0x0
 .rel.iplt      0x00005c40        0x0 ./USER/gpio_wrapper.o

.data           0x20000000      0x9e0 load address 0x00005c40
                0x20000000                __data_start__ = .
 *(vtable)
 *(.data*)
 .data.smileyGlyph
                0x20000000       0x20 ./USER/main.o
                0x20000000                smileyGlyph
 .data.HCLK     0x20000020        0x4 ./SYSTEM/system_gw1ns4c.o
                0x20000020                HCLK
 .data.PCLK1    0x20000024        0x4 ./SYSTEM/system_gw1ns4c.o
                0x20000024                PCLK1
 .data.PCLK2    0x20000028        0x4 ./SYSTEM/system_gw1ns4c.o
                0x20000028                PCLK2
 .data.SystemCoreClock
                0x2000002c        0x4 ./SYSTEM/system_gw1ns4c.o
                0x2000002c                SystemCoreClock
 .data._impure_ptr
                0x20000030        0x4 c:/gmd/toolchain/arm_toolchain/bin/../lib/gcc/arm-none-eabi/8.3.1/../../../../arm-none-eabi/lib/thumb/v7-m/nofp\libg.a(lib_a-impure.o)
                0x20000030                _impure_ptr
 *fill*         0x20000034        0x4 
 .data.impure_data
                0x20000038      0x428 c:/gmd/toolchain/arm_toolchain/bin/../lib/gcc/arm-none-eabi/8.3.1/../../../../arm-none-eabi/lib/thumb/v7-m/nofp\libg.a(lib_a-impure.o)
 .data.__atexit_recursive_mutex
                0x20000460        0x4 c:/gmd/toolchain/arm_toolchain/bin/../lib/gcc/arm-none-eabi/8.3.1/../../../../arm-none-eabi/lib/thumb/v7-m/nofp\libg.a(lib_a-__call_atexit.o)
                0x20000460                __atexit_recursive_mutex
 .data.__malloc_av_
                0x20000464      0x408 c:/gmd/toolchain/arm_toolchain/bin/../lib/gcc/arm-none-eabi/8.3.1/../../../../arm-none-eabi/lib/thumb/v7-m/nofp\libg.a(lib_a-mallocr.o)
                0x20000464                __malloc_av_
 .data.__malloc_sbrk_base
                0x2000086c        0x4 c:/gmd/toolchain/arm_toolchain/bin/../lib/gcc/arm-none-eabi/8.3.1/../../../../arm-none-eabi/lib/thumb/v7-m/nofp\libg.a(lib_a-mallocr.o)
                0x2000086c                __malloc_sbrk_base
 .data.__malloc_trim_threshold
                0x20000870        0x4 c:/gmd/toolchain/arm_toolchain/bin/../lib/gcc/arm-none-eabi/8.3.1/../../../../arm-none-eabi/lib/thumb/v7-m/nofp\libg.a(lib_a-mallocr.o)
                0x20000870                __malloc_trim_threshold
 .data.__global_locale
                0x20000874      0x16c c:/gmd/toolchain/arm_toolchain/bin/../lib/gcc/arm-none-eabi/8.3.1/../../../../arm-none-eabi/lib/thumb/v7-m/nofp\libg.a(lib_a-locale.o)
                0x20000874                __global_locale
                0x200009e0                . = ALIGN (0x4)
                0x200009e0                PROVIDE (__preinit_array_start = .)
 *(.preinit_array)
                0x200009e0                PROVIDE (__preinit_array_end = .)
                0x200009e0                . = ALIGN (0x4)
                0x200009e0                PROVIDE (__init_array_start = .)
 *(SORT_BY_NAME(.init_array.*))
 *(.init_array)
                0x200009e0                PROVIDE (__init_array_end = .)
                0x200009e0                . = ALIGN (0x4)
                0x200009e0                PROVIDE (__fini_array_start = .)
 *(SORT_BY_NAME(.fini_array.*))
 *(.fini_array)
                0x200009e0                PROVIDE (__fini_array_end = .)
                0x200009e0                . = ALIGN (0x4)
                0x200009e0                __data_end__ = .

.igot.plt       0x200009e0        0x0 load address 0x00006620
 .igot.plt      0x200009e0        0x0 ./USER/gpio_wrapper.o

.bss            0x200009e0       0x70 load address 0x00006620
                0x200009e0                . = ALIGN (0x4)
                0x200009e0                __bss_start__ = .
 *(.bss*)
 .bss.__malloc_current_mallinfo
                0x200009e0       0x28 c:/gmd/toolchain/arm_toolchain/bin/../lib/gcc/arm-none-eabi/8.3.1/../../../../arm-none-eabi/lib/thumb/v7-m/nofp\libg.a(lib_a-mallocr.o)
                0x200009e0                __malloc_current_mallinfo
 .bss.__malloc_max_sbrked_mem
                0x20000a08        0x4 c:/gmd/toolchain/arm_toolchain/bin/../lib/gcc/arm-none-eabi/8.3.1/../../../../arm-none-eabi/lib/thumb/v7-m/nofp\libg.a(lib_a-mallocr.o)
                0x20000a08                __malloc_max_sbrked_mem
 .bss.__malloc_max_total_mem
                0x20000a0c        0x4 c:/gmd/toolchain/arm_toolchain/bin/../lib/gcc/arm-none-eabi/8.3.1/../../../../arm-none-eabi/lib/thumb/v7-m/nofp\libg.a(lib_a-mallocr.o)
                0x20000a0c                __malloc_max_total_mem
 .bss.__malloc_top_pad
                0x20000a10        0x4 c:/gmd/toolchain/arm_toolchain/bin/../lib/gcc/arm-none-eabi/8.3.1/../../../../arm-none-eabi/lib/thumb/v7-m/nofp\libg.a(lib_a-mallocr.o)
                0x20000a10                __malloc_top_pad
 .bss.heap_end.4194
                0x20000a14        0x4 c:/gmd/toolchain/arm_toolchain/bin/../lib/gcc/arm-none-eabi/8.3.1/../../../../arm-none-eabi/lib/thumb/v7-m/nofp\libnosys.a(sbrk.o)
 *(COMMON)
 COMMON         0x20000a18       0x10 ./USER/main.o
                0x20000a18                message
 COMMON         0x20000a28       0x21 c:/gmd/toolchain/arm_toolchain/bin/../lib/gcc/arm-none-eabi/8.3.1/../../../../arm-none-eabi/lib/thumb/v7-m/nofp\libg.a(lib_a-lock.o)
                0x20000a28                __lock___atexit_recursive_mutex
                0x20000a2c                __lock___arc4random_mutex
                0x20000a30                __lock___env_recursive_mutex
                0x20000a34                __lock___sinit_recursive_mutex
                0x20000a38                __lock___malloc_recursive_mutex
                0x20000a3c                __lock___at_quick_exit_mutex
                0x20000a40                __lock___dd_hash_mutex
                0x20000a44                __lock___tz_mutex
                0x20000a48                __lock___sfp_recursive_mutex
 *fill*         0x20000a49        0x3 
 COMMON         0x20000a4c        0x4 c:/gmd/toolchain/arm_toolchain/bin/../lib/gcc/arm-none-eabi/8.3.1/../../../../arm-none-eabi/lib/thumb/v7-m/nofp\libg.a(lib_a-reent.o)
                0x20000a4c                errno
                0x20000a50                . = ALIGN (0x4)
                0x20000a50                __bss_end__ = .

.heap           0x20000a50      0x200
                0x20000a50                __end__ = .
                0x20000a50                end = __end__
 *(.heap*)
 .heap          0x20000a50      0x200 ./STARTUP/startup_gw1ns4c.o
                0x20000a50                __HeapBase
                0x20000c50                __HeapLimit = .

.stack_dummy    0x20000a50      0x400
 *(.stack*)
 .stack         0x20000a50      0x400 ./STARTUP/startup_gw1ns4c.o
                0x20004000                __StackTop = (ORIGIN (RAM) + LENGTH (RAM))
                0x20003c00                __StackLimit = (__StackTop - SIZEOF (.stack_dummy))
                0x20004000                PROVIDE (__stack = __StackTop)
                0x00000001                ASSERT ((__StackLimit >= __HeapLimit), region RAM overflowed with stack)
OUTPUT(cm3_1602_lcd.elf elf32-littlearm)

.ARM.attributes
                0x00000000       0x29
 .ARM.attributes
                0x00000000       0x1d c:/gmd/toolchain/arm_toolchain/bin/../lib/gcc/arm-none-eabi/8.3.1/thumb/v7-m/nofp/crti.o
 .ARM.attributes
                0x0000001d       0x2d ./USER/gpio_wrapper.o
 .ARM.attributes
                0x0000004a       0x2d ./USER/gw1ns4c_it.o
 .ARM.attributes
                0x00000077       0x2d ./USER/lcd_hd44780.o
 .ARM.attributes
                0x000000a4       0x2d ./USER/main.o
 .ARM.attributes
                0x000000d1       0x2d ./SYSTEM/system_gw1ns4c.o
 .ARM.attributes
                0x000000fe       0x1b ./STARTUP/startup_gw1ns4c.o
 .ARM.attributes
                0x00000119       0x2d ./PERIPHERAL/Sources/gw1ns4c_gpio.o
 .ARM.attributes
                0x00000146       0x2d c:/gmd/toolchain/arm_toolchain/bin/../lib/gcc/arm-none-eabi/8.3.1/../../../../arm-none-eabi/lib/thumb/v7-m/nofp\libg.a(lib_a-exit.o)
 .ARM.attributes
                0x00000173       0x2d c:/gmd/toolchain/arm_toolchain/bin/../lib/gcc/arm-none-eabi/8.3.1/../../../../arm-none-eabi/lib/thumb/v7-m/nofp\libg.a(lib_a-impure.o)
 .ARM.attributes
                0x000001a0       0x2d c:/gmd/toolchain/arm_toolchain/bin/../lib/gcc/arm-none-eabi/8.3.1/../../../../arm-none-eabi/lib/thumb/v7-m/nofp\libg.a(lib_a-memset.o)
 .ARM.attributes
                0x000001cd       0x2d c:/gmd/toolchain/arm_toolchain/bin/../lib/gcc/arm-none-eabi/8.3.1/../../../../arm-none-eabi/lib/thumb/v7-m/nofp\libg.a(lib_a-snprintf.o)
 .ARM.attributes
                0x000001fa       0x2d c:/gmd/toolchain/arm_toolchain/bin/../lib/gcc/arm-none-eabi/8.3.1/../../../../arm-none-eabi/lib/thumb/v7-m/nofp\libg.a(lib_a-svfprintf.o)
 .ARM.attributes
                0x00000227       0x2d c:/gmd/toolchain/arm_toolchain/bin/../lib/gcc/arm-none-eabi/8.3.1/../../../../arm-none-eabi/lib/thumb/v7-m/nofp\libg.a(lib_a-__call_atexit.o)
 .ARM.attributes
                0x00000254       0x2d c:/gmd/toolchain/arm_toolchain/bin/../lib/gcc/arm-none-eabi/8.3.1/../../../../arm-none-eabi/lib/thumb/v7-m/nofp\libg.a(lib_a-dtoa.o)
 .ARM.attributes
                0x00000281       0x2d c:/gmd/toolchain/arm_toolchain/bin/../lib/gcc/arm-none-eabi/8.3.1/../../../../arm-none-eabi/lib/thumb/v7-m/nofp\libg.a(lib_a-freer.o)
 .ARM.attributes
                0x000002ae       0x2d c:/gmd/toolchain/arm_toolchain/bin/../lib/gcc/arm-none-eabi/8.3.1/../../../../arm-none-eabi/lib/thumb/v7-m/nofp\libg.a(lib_a-localeconv.o)
 .ARM.attributes
                0x000002db       0x2d c:/gmd/toolchain/arm_toolchain/bin/../lib/gcc/arm-none-eabi/8.3.1/../../../../arm-none-eabi/lib/thumb/v7-m/nofp\libg.a(lib_a-lock.o)
 .ARM.attributes
                0x00000308       0x2d c:/gmd/toolchain/arm_toolchain/bin/../lib/gcc/arm-none-eabi/8.3.1/../../../../arm-none-eabi/lib/thumb/v7-m/nofp\libg.a(lib_a-mallocr.o)
 .ARM.attributes
                0x00000335       0x2d c:/gmd/toolchain/arm_toolchain/bin/../lib/gcc/arm-none-eabi/8.3.1/../../../../arm-none-eabi/lib/thumb/v7-m/nofp\libg.a(lib_a-memchr-stub.o)
 .ARM.attributes
                0x00000362       0x1b c:/gmd/toolchain/arm_toolchain/bin/../lib/gcc/arm-none-eabi/8.3.1/../../../../arm-none-eabi/lib/thumb/v7-m/nofp\libg.a(lib_a-memcpy.o)
 .ARM.attributes
                0x0000037d       0x2d c:/gmd/toolchain/arm_toolchain/bin/../lib/gcc/arm-none-eabi/8.3.1/../../../../arm-none-eabi/lib/thumb/v7-m/nofp\libg.a(lib_a-mlock.o)
 .ARM.attributes
                0x000003aa       0x2d c:/gmd/toolchain/arm_toolchain/bin/../lib/gcc/arm-none-eabi/8.3.1/../../../../arm-none-eabi/lib/thumb/v7-m/nofp\libg.a(lib_a-mprec.o)
 .ARM.attributes
                0x000003d7       0x2d c:/gmd/toolchain/arm_toolchain/bin/../lib/gcc/arm-none-eabi/8.3.1/../../../../arm-none-eabi/lib/thumb/v7-m/nofp\libg.a(lib_a-s_frexp.o)
 .ARM.attributes
                0x00000404       0x2d c:/gmd/toolchain/arm_toolchain/bin/../lib/gcc/arm-none-eabi/8.3.1/../../../../arm-none-eabi/lib/thumb/v7-m/nofp\libg.a(lib_a-sbrkr.o)
 .ARM.attributes
                0x00000431       0x2d c:/gmd/toolchain/arm_toolchain/bin/../lib/gcc/arm-none-eabi/8.3.1/../../../../arm-none-eabi/lib/thumb/v7-m/nofp\libg.a(lib_a-strlen-stub.o)
 .ARM.attributes
                0x0000045e       0x2d c:/gmd/toolchain/arm_toolchain/bin/../lib/gcc/arm-none-eabi/8.3.1/../../../../arm-none-eabi/lib/thumb/v7-m/nofp\libg.a(lib_a-strncpy.o)
 .ARM.attributes
                0x0000048b       0x2d c:/gmd/toolchain/arm_toolchain/bin/../lib/gcc/arm-none-eabi/8.3.1/../../../../arm-none-eabi/lib/thumb/v7-m/nofp\libg.a(lib_a-svfiprintf.o)
 .ARM.attributes
                0x000004b8       0x2d c:/gmd/toolchain/arm_toolchain/bin/../lib/gcc/arm-none-eabi/8.3.1/../../../../arm-none-eabi/lib/thumb/v7-m/nofp\libg.a(lib_a-callocr.o)
 .ARM.attributes
                0x000004e5       0x2d c:/gmd/toolchain/arm_toolchain/bin/../lib/gcc/arm-none-eabi/8.3.1/../../../../arm-none-eabi/lib/thumb/v7-m/nofp\libg.a(lib_a-locale.o)
 .ARM.attributes
                0x00000512       0x2d c:/gmd/toolchain/arm_toolchain/bin/../lib/gcc/arm-none-eabi/8.3.1/../../../../arm-none-eabi/lib/thumb/v7-m/nofp\libg.a(lib_a-mbtowc_r.o)
 .ARM.attributes
                0x0000053f       0x2d c:/gmd/toolchain/arm_toolchain/bin/../lib/gcc/arm-none-eabi/8.3.1/../../../../arm-none-eabi/lib/thumb/v7-m/nofp\libg.a(lib_a-memmove.o)
 .ARM.attributes
                0x0000056c       0x2d c:/gmd/toolchain/arm_toolchain/bin/../lib/gcc/arm-none-eabi/8.3.1/../../../../arm-none-eabi/lib/thumb/v7-m/nofp\libg.a(lib_a-reallocr.o)
 .ARM.attributes
                0x00000599       0x2d c:/gmd/toolchain/arm_toolchain/bin/../lib/gcc/arm-none-eabi/8.3.1/../../../../arm-none-eabi/lib/thumb/v7-m/nofp\libg.a(lib_a-reent.o)
 .ARM.attributes
                0x000005c6       0x2d c:/gmd/toolchain/arm_toolchain/bin/../lib/gcc/arm-none-eabi/8.3.1/../../../../arm-none-eabi/lib/thumb/v7-m/nofp\libg.a(lib_a-wctomb_r.o)
 .ARM.attributes
                0x000005f3       0x2d c:/gmd/toolchain/arm_toolchain/bin/../lib/gcc/arm-none-eabi/8.3.1/../../../../arm-none-eabi/lib/thumb/v7-m/nofp\libg.a(lib_a-ctype_.o)
 .ARM.attributes
                0x00000620       0x1d c:/gmd/toolchain/arm_toolchain/bin/../lib/gcc/arm-none-eabi/8.3.1/thumb/v7-m/nofp\libgcc.a(_arm_addsubdf3.o)
 .ARM.attributes
                0x0000063d       0x1d c:/gmd/toolchain/arm_toolchain/bin/../lib/gcc/arm-none-eabi/8.3.1/thumb/v7-m/nofp\libgcc.a(_arm_muldivdf3.o)
 .ARM.attributes
                0x0000065a       0x1d c:/gmd/toolchain/arm_toolchain/bin/../lib/gcc/arm-none-eabi/8.3.1/thumb/v7-m/nofp\libgcc.a(_arm_cmpdf2.o)
 .ARM.attributes
                0x00000677       0x1d c:/gmd/toolchain/arm_toolchain/bin/../lib/gcc/arm-none-eabi/8.3.1/thumb/v7-m/nofp\libgcc.a(_arm_unorddf2.o)
 .ARM.attributes
                0x00000694       0x1d c:/gmd/toolchain/arm_toolchain/bin/../lib/gcc/arm-none-eabi/8.3.1/thumb/v7-m/nofp\libgcc.a(_arm_fixdfsi.o)
 .ARM.attributes
                0x000006b1       0x1d c:/gmd/toolchain/arm_toolchain/bin/../lib/gcc/arm-none-eabi/8.3.1/thumb/v7-m/nofp\libgcc.a(_aeabi_uldivmod.o)
 .ARM.attributes
                0x000006ce       0x2d c:/gmd/toolchain/arm_toolchain/bin/../lib/gcc/arm-none-eabi/8.3.1/thumb/v7-m/nofp\libgcc.a(_udivmoddi4.o)
 .ARM.attributes
                0x000006fb       0x1d c:/gmd/toolchain/arm_toolchain/bin/../lib/gcc/arm-none-eabi/8.3.1/thumb/v7-m/nofp\libgcc.a(_dvmd_tls.o)
 .ARM.attributes
                0x00000718       0x2d c:/gmd/toolchain/arm_toolchain/bin/../lib/gcc/arm-none-eabi/8.3.1/../../../../arm-none-eabi/lib/thumb/v7-m/nofp\libnosys.a(sbrk.o)
 .ARM.attributes
                0x00000745       0x2d c:/gmd/toolchain/arm_toolchain/bin/../lib/gcc/arm-none-eabi/8.3.1/../../../../arm-none-eabi/lib/thumb/v7-m/nofp\libnosys.a(_exit.o)

.comment        0x00000000       0x76
 .comment       0x00000000       0x76 ./USER/gpio_wrapper.o
                                 0x77 (size before relaxing)
 .comment       0x00000076       0x77 ./USER/gw1ns4c_it.o
 .comment       0x00000076       0x77 ./USER/lcd_hd44780.o
 .comment       0x00000076       0x77 ./USER/main.o
 .comment       0x00000076       0x77 ./SYSTEM/system_gw1ns4c.o
 .comment       0x00000076       0x77 ./PERIPHERAL/Sources/gw1ns4c_gpio.o

.debug_info     0x00000000     0x4505
 .debug_info    0x00000000      0x5e8 ./USER/gpio_wrapper.o
 .debug_info    0x000005e8      0x23a ./USER/gw1ns4c_it.o
 .debug_info    0x00000822     0x28c7 ./USER/lcd_hd44780.o
 .debug_info    0x000030e9      0xb62 ./USER/main.o
 .debug_info    0x00003c4b      0x11c ./SYSTEM/system_gw1ns4c.o
 .debug_info    0x00003d67       0x26 ./STARTUP/startup_gw1ns4c.o
 .debug_info    0x00003d8d      0x778 ./PERIPHERAL/Sources/gw1ns4c_gpio.o

.debug_abbrev   0x00000000      0xae0
 .debug_abbrev  0x00000000      0x1f2 ./USER/gpio_wrapper.o
 .debug_abbrev  0x000001f2       0xc8 ./USER/gw1ns4c_it.o
 .debug_abbrev  0x000002ba      0x305 ./USER/lcd_hd44780.o
 .debug_abbrev  0x000005bf      0x276 ./USER/main.o
 .debug_abbrev  0x00000835       0xa3 ./SYSTEM/system_gw1ns4c.o
 .debug_abbrev  0x000008d8       0x14 ./STARTUP/startup_gw1ns4c.o
 .debug_abbrev  0x000008ec      0x1f4 ./PERIPHERAL/Sources/gw1ns4c_gpio.o

.debug_loc      0x00000000     0x1ff6
 .debug_loc     0x00000000     0x10f1 ./USER/gpio_wrapper.o
 .debug_loc     0x000010f1      0xb78 ./USER/lcd_hd44780.o
 .debug_loc     0x00001c69       0x56 ./USER/main.o
 .debug_loc     0x00001cbf      0x337 ./PERIPHERAL/Sources/gw1ns4c_gpio.o

.debug_aranges  0x00000000      0x240
 .debug_aranges
                0x00000000       0x28 ./USER/gpio_wrapper.o
 .debug_aranges
                0x00000028       0x40 ./USER/gw1ns4c_it.o
 .debug_aranges
                0x00000068       0xc0 ./USER/lcd_hd44780.o
 .debug_aranges
                0x00000128       0x20 ./USER/main.o
 .debug_aranges
                0x00000148       0x20 ./SYSTEM/system_gw1ns4c.o
 .debug_aranges
                0x00000168       0x20 ./STARTUP/startup_gw1ns4c.o
 .debug_aranges
                0x00000188       0xb8 ./PERIPHERAL/Sources/gw1ns4c_gpio.o

.debug_ranges   0x00000000      0x840
 .debug_ranges  0x00000000       0xf0 ./USER/gpio_wrapper.o
 .debug_ranges  0x000000f0       0x30 ./USER/gw1ns4c_it.o
 .debug_ranges  0x00000120      0x640 ./USER/lcd_hd44780.o
 .debug_ranges  0x00000760       0x28 ./USER/main.o
 .debug_ranges  0x00000788       0x10 ./SYSTEM/system_gw1ns4c.o
 .debug_ranges  0x00000798       0xa8 ./PERIPHERAL/Sources/gw1ns4c_gpio.o

.debug_macro    0x00000000     0x30e6
 .debug_macro   0x00000000      0x109 ./USER/gpio_wrapper.o
 .debug_macro   0x00000109      0xa78 ./USER/gpio_wrapper.o
 .debug_macro   0x00000b81       0x22 ./USER/gpio_wrapper.o
 .debug_macro   0x00000ba3       0x22 ./USER/gpio_wrapper.o
 .debug_macro   0x00000bc5       0x22 ./USER/gpio_wrapper.o
 .debug_macro   0x00000be7       0x8e ./USER/gpio_wrapper.o
 .debug_macro   0x00000c75       0x51 ./USER/gpio_wrapper.o
 .debug_macro   0x00000cc6      0x103 ./USER/gpio_wrapper.o
 .debug_macro   0x00000dc9       0x6a ./USER/gpio_wrapper.o
 .debug_macro   0x00000e33      0x1df ./USER/gpio_wrapper.o
 .debug_macro   0x00001012      0x7b7 ./USER/gpio_wrapper.o
 .debug_macro   0x000017c9      0x314 ./USER/gpio_wrapper.o
 .debug_macro   0x00001add       0x6a ./USER/gpio_wrapper.o
 .debug_macro   0x00001b47       0x3a ./USER/gpio_wrapper.o
 .debug_macro   0x00001b81       0x7c ./USER/gpio_wrapper.o
 .debug_macro   0x00001bfd       0x22 ./USER/gpio_wrapper.o
 .debug_macro   0x00001c1f       0x94 ./USER/gpio_wrapper.o
 .debug_macro   0x00001cb3       0x58 ./USER/gpio_wrapper.o
 .debug_macro   0x00001d0b       0x34 ./USER/gpio_wrapper.o
 .debug_macro   0x00001d3f       0x1c ./USER/gpio_wrapper.o
 .debug_macro   0x00001d5b       0x22 ./USER/gpio_wrapper.o
 .debug_macro   0x00001d7d      0x100 ./USER/gw1ns4c_it.o
 .debug_macro   0x00001e7d      0x118 ./USER/lcd_hd44780.o
 .debug_macro   0x00001f95       0x1c ./USER/lcd_hd44780.o
 .debug_macro   0x00001fb1      0x288 ./USER/main.o
 .debug_macro   0x00002239       0x5e ./USER/main.o
 .debug_macro   0x00002297       0x18 ./USER/main.o
 .debug_macro   0x000022af       0x35 ./USER/main.o
 .debug_macro   0x000022e4       0x34 ./USER/main.o
 .debug_macro   0x00002318       0x16 ./USER/main.o
 .debug_macro   0x0000232e       0x97 ./USER/main.o
 .debug_macro   0x000023c5      0x339 ./USER/main.o
 .debug_macro   0x000026fe       0xfd ./USER/main.o
 .debug_macro   0x000027fb       0x10 ./USER/main.o
 .debug_macro   0x0000280b       0x16 ./USER/main.o
 .debug_macro   0x00002821       0x43 ./USER/main.o
 .debug_macro   0x00002864       0x34 ./USER/main.o
 .debug_macro   0x00002898       0x10 ./USER/main.o
 .debug_macro   0x000028a8       0x58 ./USER/main.o
 .debug_macro   0x00002900      0x182 ./USER/main.o
 .debug_macro   0x00002a82       0x10 ./USER/main.o
 .debug_macro   0x00002a92       0x1c ./USER/main.o
 .debug_macro   0x00002aae       0x52 ./USER/main.o
 .debug_macro   0x00002b00       0x40 ./USER/main.o
 .debug_macro   0x00002b40       0x10 ./USER/main.o
 .debug_macro   0x00002b50       0x40 ./USER/main.o
 .debug_macro   0x00002b90       0xd5 ./USER/main.o
 .debug_macro   0x00002c65       0x1c ./USER/main.o
 .debug_macro   0x00002c81       0x3d ./USER/main.o
 .debug_macro   0x00002cbe       0x16 ./USER/main.o
 .debug_macro   0x00002cd4      0x16f ./USER/main.o
 .debug_macro   0x00002e43       0x16 ./USER/main.o
 .debug_macro   0x00002e59       0x35 ./USER/main.o
 .debug_macro   0x00002e8e       0x22 ./USER/main.o
 .debug_macro   0x00002eb0      0x102 ./SYSTEM/system_gw1ns4c.o
 .debug_macro   0x00002fb2      0x100 ./PERIPHERAL/Sources/gw1ns4c_gpio.o
 .debug_macro   0x000030b2       0x34 ./PERIPHERAL/Sources/gw1ns4c_gpio.o

.debug_line     0x00000000     0x3212
 .debug_line    0x00000000      0x6b0 ./USER/gpio_wrapper.o
 .debug_line    0x000006b0      0x4c9 ./USER/gw1ns4c_it.o
 .debug_line    0x00000b79     0x13b5 ./USER/lcd_hd44780.o
 .debug_line    0x00001f2e      0x552 ./USER/main.o
 .debug_line    0x00002480      0x484 ./SYSTEM/system_gw1ns4c.o
 .debug_line    0x00002904       0x98 ./STARTUP/startup_gw1ns4c.o
 .debug_line    0x0000299c      0x876 ./PERIPHERAL/Sources/gw1ns4c_gpio.o

.debug_str      0x00000000     0xd1e2
 .debug_str     0x00000000     0x8841 ./USER/gpio_wrapper.o
                               0x89b6 (size before relaxing)
 .debug_str     0x00008841      0x2e6 ./USER/gw1ns4c_it.o
                               0x8ae4 (size before relaxing)
 .debug_str     0x00008b27      0x3e4 ./USER/lcd_hd44780.o
                               0x8d69 (size before relaxing)
 .debug_str     0x00008f0b     0x40e1 ./USER/main.o
                               0xcb4e (size before relaxing)
 .debug_str     0x0000cfec       0x62 ./SYSTEM/system_gw1ns4c.o
                               0x88d8 (size before relaxing)
 .debug_str     0x0000d04e       0x2b ./STARTUP/startup_gw1ns4c.o
                                 0x98 (size before relaxing)
 .debug_str     0x0000d079      0x169 ./PERIPHERAL/Sources/gw1ns4c_gpio.o
                               0x8b9a (size before relaxing)

.debug_frame    0x00000000     0x13b8
 .debug_frame   0x00000000       0x50 ./USER/gpio_wrapper.o
 .debug_frame   0x00000050      0x260 ./USER/gw1ns4c_it.o
 .debug_frame   0x000002b0      0x2ac ./USER/lcd_hd44780.o
 .debug_frame   0x0000055c       0x30 ./USER/main.o
 .debug_frame   0x0000058c       0x48 ./SYSTEM/system_gw1ns4c.o
 .debug_frame   0x000005d4      0x174 ./PERIPHERAL/Sources/gw1ns4c_gpio.o
 .debug_frame   0x00000748       0x28 c:/gmd/toolchain/arm_toolchain/bin/../lib/gcc/arm-none-eabi/8.3.1/../../../../arm-none-eabi/lib/thumb/v7-m/nofp\libg.a(lib_a-exit.o)
 .debug_frame   0x00000770       0x38 c:/gmd/toolchain/arm_toolchain/bin/../lib/gcc/arm-none-eabi/8.3.1/../../../../arm-none-eabi/lib/thumb/v7-m/nofp\libg.a(lib_a-memset.o)
 .debug_frame   0x000007a8       0x9c c:/gmd/toolchain/arm_toolchain/bin/../lib/gcc/arm-none-eabi/8.3.1/../../../../arm-none-eabi/lib/thumb/v7-m/nofp\libg.a(lib_a-snprintf.o)
 .debug_frame   0x00000844       0x44 c:/gmd/toolchain/arm_toolchain/bin/../lib/gcc/arm-none-eabi/8.3.1/../../../../arm-none-eabi/lib/thumb/v7-m/nofp\libg.a(lib_a-svfprintf.o)
 .debug_frame   0x00000888       0x5c c:/gmd/toolchain/arm_toolchain/bin/../lib/gcc/arm-none-eabi/8.3.1/../../../../arm-none-eabi/lib/thumb/v7-m/nofp\libg.a(lib_a-__call_atexit.o)
 .debug_frame   0x000008e4       0x8c c:/gmd/toolchain/arm_toolchain/bin/../lib/gcc/arm-none-eabi/8.3.1/../../../../arm-none-eabi/lib/thumb/v7-m/nofp\libg.a(lib_a-dtoa.o)
 .debug_frame   0x00000970       0x8c c:/gmd/toolchain/arm_toolchain/bin/../lib/gcc/arm-none-eabi/8.3.1/../../../../arm-none-eabi/lib/thumb/v7-m/nofp\libg.a(lib_a-freer.o)
 .debug_frame   0x000009fc       0x40 c:/gmd/toolchain/arm_toolchain/bin/../lib/gcc/arm-none-eabi/8.3.1/../../../../arm-none-eabi/lib/thumb/v7-m/nofp\libg.a(lib_a-localeconv.o)
 .debug_frame   0x00000a3c       0xb0 c:/gmd/toolchain/arm_toolchain/bin/../lib/gcc/arm-none-eabi/8.3.1/../../../../arm-none-eabi/lib/thumb/v7-m/nofp\libg.a(lib_a-lock.o)
 .debug_frame   0x00000aec       0x4c c:/gmd/toolchain/arm_toolchain/bin/../lib/gcc/arm-none-eabi/8.3.1/../../../../arm-none-eabi/lib/thumb/v7-m/nofp\libg.a(lib_a-mallocr.o)
 .debug_frame   0x00000b38       0x34 c:/gmd/toolchain/arm_toolchain/bin/../lib/gcc/arm-none-eabi/8.3.1/../../../../arm-none-eabi/lib/thumb/v7-m/nofp\libg.a(lib_a-memchr-stub.o)
 .debug_frame   0x00000b6c       0x30 c:/gmd/toolchain/arm_toolchain/bin/../lib/gcc/arm-none-eabi/8.3.1/../../../../arm-none-eabi/lib/thumb/v7-m/nofp\libg.a(lib_a-mlock.o)
 .debug_frame   0x00000b9c      0x260 c:/gmd/toolchain/arm_toolchain/bin/../lib/gcc/arm-none-eabi/8.3.1/../../../../arm-none-eabi/lib/thumb/v7-m/nofp\libg.a(lib_a-mprec.o)
 .debug_frame   0x00000dfc       0x30 c:/gmd/toolchain/arm_toolchain/bin/../lib/gcc/arm-none-eabi/8.3.1/../../../../arm-none-eabi/lib/thumb/v7-m/nofp\libg.a(lib_a-s_frexp.o)
 .debug_frame   0x00000e2c       0x2c c:/gmd/toolchain/arm_toolchain/bin/../lib/gcc/arm-none-eabi/8.3.1/../../../../arm-none-eabi/lib/thumb/v7-m/nofp\libg.a(lib_a-sbrkr.o)
 .debug_frame   0x00000e58       0x20 c:/gmd/toolchain/arm_toolchain/bin/../lib/gcc/arm-none-eabi/8.3.1/../../../../arm-none-eabi/lib/thumb/v7-m/nofp\libg.a(lib_a-strlen-stub.o)
 .debug_frame   0x00000e78       0x38 c:/gmd/toolchain/arm_toolchain/bin/../lib/gcc/arm-none-eabi/8.3.1/../../../../arm-none-eabi/lib/thumb/v7-m/nofp\libg.a(lib_a-strncpy.o)
 .debug_frame   0x00000eb0       0x78 c:/gmd/toolchain/arm_toolchain/bin/../lib/gcc/arm-none-eabi/8.3.1/../../../../arm-none-eabi/lib/thumb/v7-m/nofp\libg.a(lib_a-svfiprintf.o)
 .debug_frame   0x00000f28       0x28 c:/gmd/toolchain/arm_toolchain/bin/../lib/gcc/arm-none-eabi/8.3.1/../../../../arm-none-eabi/lib/thumb/v7-m/nofp\libg.a(lib_a-callocr.o)
 .debug_frame   0x00000f50       0x54 c:/gmd/toolchain/arm_toolchain/bin/../lib/gcc/arm-none-eabi/8.3.1/../../../../arm-none-eabi/lib/thumb/v7-m/nofp\libg.a(lib_a-locale.o)
 .debug_frame   0x00000fa4       0x4c c:/gmd/toolchain/arm_toolchain/bin/../lib/gcc/arm-none-eabi/8.3.1/../../../../arm-none-eabi/lib/thumb/v7-m/nofp\libg.a(lib_a-mbtowc_r.o)
 .debug_frame   0x00000ff0       0x40 c:/gmd/toolchain/arm_toolchain/bin/../lib/gcc/arm-none-eabi/8.3.1/../../../../arm-none-eabi/lib/thumb/v7-m/nofp\libg.a(lib_a-memmove.o)
 .debug_frame   0x00001030       0x48 c:/gmd/toolchain/arm_toolchain/bin/../lib/gcc/arm-none-eabi/8.3.1/../../../../arm-none-eabi/lib/thumb/v7-m/nofp\libg.a(lib_a-reallocr.o)
 .debug_frame   0x00001078       0x60 c:/gmd/toolchain/arm_toolchain/bin/../lib/gcc/arm-none-eabi/8.3.1/../../../../arm-none-eabi/lib/thumb/v7-m/nofp\libg.a(lib_a-reent.o)
 .debug_frame   0x000010d8       0x3c c:/gmd/toolchain/arm_toolchain/bin/../lib/gcc/arm-none-eabi/8.3.1/../../../../arm-none-eabi/lib/thumb/v7-m/nofp\libg.a(lib_a-wctomb_r.o)
 .debug_frame   0x00001114       0xac c:/gmd/toolchain/arm_toolchain/bin/../lib/gcc/arm-none-eabi/8.3.1/thumb/v7-m/nofp\libgcc.a(_arm_addsubdf3.o)
 .debug_frame   0x000011c0       0x50 c:/gmd/toolchain/arm_toolchain/bin/../lib/gcc/arm-none-eabi/8.3.1/thumb/v7-m/nofp\libgcc.a(_arm_muldivdf3.o)
 .debug_frame   0x00001210       0xc4 c:/gmd/toolchain/arm_toolchain/bin/../lib/gcc/arm-none-eabi/8.3.1/thumb/v7-m/nofp\libgcc.a(_arm_cmpdf2.o)
 .debug_frame   0x000012d4       0x20 c:/gmd/toolchain/arm_toolchain/bin/../lib/gcc/arm-none-eabi/8.3.1/thumb/v7-m/nofp\libgcc.a(_arm_unorddf2.o)
 .debug_frame   0x000012f4       0x24 c:/gmd/toolchain/arm_toolchain/bin/../lib/gcc/arm-none-eabi/8.3.1/thumb/v7-m/nofp\libgcc.a(_arm_fixdfsi.o)
 .debug_frame   0x00001318       0x2c c:/gmd/toolchain/arm_toolchain/bin/../lib/gcc/arm-none-eabi/8.3.1/thumb/v7-m/nofp\libgcc.a(_aeabi_uldivmod.o)
 .debug_frame   0x00001344       0x34 c:/gmd/toolchain/arm_toolchain/bin/../lib/gcc/arm-none-eabi/8.3.1/thumb/v7-m/nofp\libgcc.a(_udivmoddi4.o)
 .debug_frame   0x00001378       0x20 c:/gmd/toolchain/arm_toolchain/bin/../lib/gcc/arm-none-eabi/8.3.1/../../../../arm-none-eabi/lib/thumb/v7-m/nofp\libnosys.a(sbrk.o)
 .debug_frame   0x00001398       0x20 c:/gmd/toolchain/arm_toolchain/bin/../lib/gcc/arm-none-eabi/8.3.1/../../../../arm-none-eabi/lib/thumb/v7-m/nofp\libnosys.a(_exit.o)
